// Jest Snapshot v1, https://goo.gl/fbAQLP

exports[`ToggleSwitch snapshot matches the last saved snapshot 1`] = `
<div
  className="toggle-switch"
>
  <input
    className="toggle-switch-checkbox"
    onChange={[Function]}
    type="checkbox"
  />
  <label
    className="toggle-switch-label"
  >
    <span
      className="toggle-switch-inner"
      data-no="1"
      data-yes="0"
    />
  </label>
</div>
`;
